{
    "testHello-0": [
        {
            "insert": "hello world"
        }
    ],
    "testCompose-0": [
        {
            "insert": "hello world"
        }
    ]
}